Archive member included to satisfy reference by file (symbol)

c:/st/stm32cubeide_1.11.0/stm32cubeide/plugins/com.st.stm32cube.ide.mcu.externaltools.gnu-tools-for-stm32.10.3-2021.10.win32_1.0.100.202210260954/tools/bin/../lib/gcc/arm-none-eabi/10.3.1/../../../../arm-none-eabi/lib/thumb/v7-m/nofp\libc_nano.a(lib_a-errno.o)
                              ./Src/syscalls.o (__errno)
c:/st/stm32cubeide_1.11.0/stm32cubeide/plugins/com.st.stm32cube.ide.mcu.externaltools.gnu-tools-for-stm32.10.3-2021.10.win32_1.0.100.202210260954/tools/bin/../lib/gcc/arm-none-eabi/10.3.1/../../../../arm-none-eabi/lib/thumb/v7-m/nofp\libc_nano.a(lib_a-exit.o)
                              c:/st/stm32cubeide_1.11.0/stm32cubeide/plugins/com.st.stm32cube.ide.mcu.externaltools.gnu-tools-for-stm32.10.3-2021.10.win32_1.0.100.202210260954/tools/bin/../lib/gcc/arm-none-eabi/10.3.1/../../../../arm-none-eabi/lib/thumb/v7-m/nofp/crt0.o (exit)
c:/st/stm32cubeide_1.11.0/stm32cubeide/plugins/com.st.stm32cube.ide.mcu.externaltools.gnu-tools-for-stm32.10.3-2021.10.win32_1.0.100.202210260954/tools/bin/../lib/gcc/arm-none-eabi/10.3.1/../../../../arm-none-eabi/lib/thumb/v7-m/nofp\libc_nano.a(lib_a-impure.o)
                              c:/st/stm32cubeide_1.11.0/stm32cubeide/plugins/com.st.stm32cube.ide.mcu.externaltools.gnu-tools-for-stm32.10.3-2021.10.win32_1.0.100.202210260954/tools/bin/../lib/gcc/arm-none-eabi/10.3.1/../../../../arm-none-eabi/lib/thumb/v7-m/nofp\libc_nano.a(lib_a-exit.o) (_global_impure_ptr)
c:/st/stm32cubeide_1.11.0/stm32cubeide/plugins/com.st.stm32cube.ide.mcu.externaltools.gnu-tools-for-stm32.10.3-2021.10.win32_1.0.100.202210260954/tools/bin/../lib/gcc/arm-none-eabi/10.3.1/../../../../arm-none-eabi/lib/thumb/v7-m/nofp\libc_nano.a(lib_a-init.o)
                              c:/st/stm32cubeide_1.11.0/stm32cubeide/plugins/com.st.stm32cube.ide.mcu.externaltools.gnu-tools-for-stm32.10.3-2021.10.win32_1.0.100.202210260954/tools/bin/../lib/gcc/arm-none-eabi/10.3.1/../../../../arm-none-eabi/lib/thumb/v7-m/nofp/crt0.o (__libc_init_array)
c:/st/stm32cubeide_1.11.0/stm32cubeide/plugins/com.st.stm32cube.ide.mcu.externaltools.gnu-tools-for-stm32.10.3-2021.10.win32_1.0.100.202210260954/tools/bin/../lib/gcc/arm-none-eabi/10.3.1/../../../../arm-none-eabi/lib/thumb/v7-m/nofp\libc_nano.a(lib_a-memset.o)
                              c:/st/stm32cubeide_1.11.0/stm32cubeide/plugins/com.st.stm32cube.ide.mcu.externaltools.gnu-tools-for-stm32.10.3-2021.10.win32_1.0.100.202210260954/tools/bin/../lib/gcc/arm-none-eabi/10.3.1/../../../../arm-none-eabi/lib/thumb/v7-m/nofp/crt0.o (memset)

Discarded input sections

 .text          0x0000000000000000        0x0 c:/st/stm32cubeide_1.11.0/stm32cubeide/plugins/com.st.stm32cube.ide.mcu.externaltools.gnu-tools-for-stm32.10.3-2021.10.win32_1.0.100.202210260954/tools/bin/../lib/gcc/arm-none-eabi/10.3.1/thumb/v7-m/nofp/crti.o
 .data          0x0000000000000000        0x0 c:/st/stm32cubeide_1.11.0/stm32cubeide/plugins/com.st.stm32cube.ide.mcu.externaltools.gnu-tools-for-stm32.10.3-2021.10.win32_1.0.100.202210260954/tools/bin/../lib/gcc/arm-none-eabi/10.3.1/thumb/v7-m/nofp/crti.o
 .bss           0x0000000000000000        0x0 c:/st/stm32cubeide_1.11.0/stm32cubeide/plugins/com.st.stm32cube.ide.mcu.externaltools.gnu-tools-for-stm32.10.3-2021.10.win32_1.0.100.202210260954/tools/bin/../lib/gcc/arm-none-eabi/10.3.1/thumb/v7-m/nofp/crti.o
 .data          0x0000000000000000        0x4 c:/st/stm32cubeide_1.11.0/stm32cubeide/plugins/com.st.stm32cube.ide.mcu.externaltools.gnu-tools-for-stm32.10.3-2021.10.win32_1.0.100.202210260954/tools/bin/../lib/gcc/arm-none-eabi/10.3.1/thumb/v7-m/nofp/crtbegin.o
 .rodata        0x0000000000000000       0x24 c:/st/stm32cubeide_1.11.0/stm32cubeide/plugins/com.st.stm32cube.ide.mcu.externaltools.gnu-tools-for-stm32.10.3-2021.10.win32_1.0.100.202210260954/tools/bin/../lib/gcc/arm-none-eabi/10.3.1/thumb/v7-m/nofp/crtbegin.o
 .text          0x0000000000000000       0x7c c:/st/stm32cubeide_1.11.0/stm32cubeide/plugins/com.st.stm32cube.ide.mcu.externaltools.gnu-tools-for-stm32.10.3-2021.10.win32_1.0.100.202210260954/tools/bin/../lib/gcc/arm-none-eabi/10.3.1/../../../../arm-none-eabi/lib/thumb/v7-m/nofp/crt0.o
 .data          0x0000000000000000        0x0 c:/st/stm32cubeide_1.11.0/stm32cubeide/plugins/com.st.stm32cube.ide.mcu.externaltools.gnu-tools-for-stm32.10.3-2021.10.win32_1.0.100.202210260954/tools/bin/../lib/gcc/arm-none-eabi/10.3.1/../../../../arm-none-eabi/lib/thumb/v7-m/nofp/crt0.o
 .bss           0x0000000000000000        0x0 c:/st/stm32cubeide_1.11.0/stm32cubeide/plugins/com.st.stm32cube.ide.mcu.externaltools.gnu-tools-for-stm32.10.3-2021.10.win32_1.0.100.202210260954/tools/bin/../lib/gcc/arm-none-eabi/10.3.1/../../../../arm-none-eabi/lib/thumb/v7-m/nofp/crt0.o
[...]
Memory Configuration

Name             Origin             Length             Attributes
RAM              0x0000000020000000 0x0000000000002800 xrw
FLASH            0x0000000008000000 0x0000000000008000 xr
*default*        0x0000000000000000 0xffffffffffffffff

Linker script and memory map

LOAD c:/st/stm32cubeide_1.11.0/stm32cubeide/plugins/com.st.stm32cube.ide.mcu.externaltools.gnu-tools-for-stm32.10.3-2021.10.win32_1.0.100.202210260954/tools/bin/../lib/gcc/arm-none-eabi/10.3.1/thumb/v7-m/nofp/crti.o
LOAD c:/st/stm32cubeide_1.11.0/stm32cubeide/plugins/com.st.stm32cube.ide.mcu.externaltools.gnu-tools-for-stm32.10.3-2021.10.win32_1.0.100.202210260954/tools/bin/../lib/gcc/arm-none-eabi/10.3.1/thumb/v7-m/nofp/crtbegin.o
LOAD c:/st/stm32cubeide_1.11.0/stm32cubeide/plugins/com.st.stm32cube.ide.mcu.externaltools.gnu-tools-for-stm32.10.3-2021.10.win32_1.0.100.202210260954/tools/bin/../lib/gcc/arm-none-eabi/10.3.1/../../../../arm-none-eabi/lib/thumb/v7-m/nofp/crt0.o
LOAD ./Drivers/STM32F1xx_HAL_Driver/Src/stm32f1xx_hal.o
LOAD ./Drivers/STM32F1xx_HAL_Driver/Src/stm32f1xx_hal_cortex.o
LOAD ./Drivers/STM32F1xx_HAL_Driver/Src/stm32f1xx_hal_dma.o
LOAD ./Drivers/STM32F1xx_HAL_Driver/Src/stm32f1xx_hal_exti.o
LOAD ./Drivers/STM32F1xx_HAL_Driver/Src/stm32f1xx_hal_flash.o
LOAD ./Drivers/STM32F1xx_HAL_Driver/Src/stm32f1xx_hal_flash_ex.o
LOAD ./Drivers/STM32F1xx_HAL_Driver/Src/stm32f1xx_hal_gpio.o
LOAD ./Drivers/STM32F1xx_HAL_Driver/Src/stm32f1xx_hal_gpio_ex.o
LOAD ./Drivers/STM32F1xx_HAL_Driver/Src/stm32f1xx_hal_pwr.o
LOAD ./Drivers/STM32F1xx_HAL_Driver/Src/stm32f1xx_hal_rcc.o
LOAD ./Drivers/STM32F1xx_HAL_Driver/Src/stm32f1xx_hal_rcc_ex.o
LOAD ./Drivers/STM32F1xx_HAL_Driver/Src/stm32f1xx_hal_spi.o
LOAD ./Drivers/STM32F1xx_HAL_Driver/Src/stm32f1xx_hal_tim.o
LOAD ./Drivers/STM32F1xx_HAL_Driver/Src/stm32f1xx_hal_tim_ex.o
LOAD ./Src/ST7735.o
LOAD ./Src/fonts.o
LOAD ./Src/main.o
LOAD ./Src/stm32f1xx_hal_msp.o
LOAD ./Src/stm32f1xx_it.o
LOAD ./Src/syscalls.o
LOAD ./Src/sysmem.o
LOAD ./Src/system_stm32f1xx.o
LOAD ./Startup/startup_stm32f103c6tx.o
START GROUP
LOAD c:/st/stm32cubeide_1.11.0/stm32cubeide/plugins/com.st.stm32cube.ide.mcu.externaltools.gnu-tools-for-stm32.10.3-2021.10.win32_1.0.100.202210260954/tools/bin/../lib/gcc/arm-none-eabi/10.3.1/../../../../arm-none-eabi/lib/thumb/v7-m/nofp\libc_nano.a
LOAD c:/st/stm32cubeide_1.11.0/stm32cubeide/plugins/com.st.stm32cube.ide.mcu.externaltools.gnu-tools-for-stm32.10.3-2021.10.win32_1.0.100.202210260954/tools/bin/../lib/gcc/arm-none-eabi/10.3.1/../../../../arm-none-eabi/lib/thumb/v7-m/nofp\libm.a
END GROUP
START GROUP
LOAD c:/st/stm32cubeide_1.11.0/stm32cubeide/plugins/com.st.stm32cube.ide.mcu.externaltools.gnu-tools-for-stm32.10.3-2021.10.win32_1.0.100.202210260954/tools/bin/../lib/gcc/arm-none-eabi/10.3.1/thumb/v7-m/nofp\libgcc.a
LOAD c:/st/stm32cubeide_1.11.0/stm32cubeide/plugins/com.st.stm32cube.ide.mcu.externaltools.gnu-tools-for-stm32.10.3-2021.10.win32_1.0.100.202210260954/tools/bin/../lib/gcc/arm-none-eabi/10.3.1/../../../../arm-none-eabi/lib/thumb/v7-m/nofp\libc_nano.a
END GROUP
START GROUP
LOAD c:/st/stm32cubeide_1.11.0/stm32cubeide/plugins/com.st.stm32cube.ide.mcu.externaltools.gnu-tools-for-stm32.10.3-2021.10.win32_1.0.100.202210260954/tools/bin/../lib/gcc/arm-none-eabi/10.3.1/thumb/v7-m/nofp\libgcc.a
LOAD c:/st/stm32cubeide_1.11.0/stm32cubeide/plugins/com.st.stm32cube.ide.mcu.externaltools.gnu-tools-for-stm32.10.3-2021.10.win32_1.0.100.202210260954/tools/bin/../lib/gcc/arm-none-eabi/10.3.1/../../../../arm-none-eabi/lib/thumb/v7-m/nofp\libc_nano.a
LOAD c:/st/stm32cubeide_1.11.0/stm32cubeide/plugins/com.st.stm32cube.ide.mcu.externaltools.gnu-tools-for-stm32.10.3-2021.10.win32_1.0.100.202210260954/tools/bin/../lib/gcc/arm-none-eabi/10.3.1/../../../../arm-none-eabi/lib/thumb/v7-m/nofp\libnosys.a
END GROUP
START GROUP
LOAD c:/st/stm32cubeide_1.11.0/stm32cubeide/plugins/com.st.stm32cube.ide.mcu.externaltools.gnu-tools-for-stm32.10.3-2021.10.win32_1.0.100.202210260954/tools/bin/../lib/gcc/arm-none-eabi/10.3.1/thumb/v7-m/nofp\libgcc.a
LOAD c:/st/stm32cubeide_1.11.0/stm32cubeide/plugins/com.st.stm32cube.ide.mcu.externaltools.gnu-tools-for-stm32.10.3-2021.10.win32_1.0.100.202210260954/tools/bin/../lib/gcc/arm-none-eabi/10.3.1/../../../../arm-none-eabi/lib/thumb/v7-m/nofp\libc_nano.a
LOAD c:/st/stm32cubeide_1.11.0/stm32cubeide/plugins/com.st.stm32cube.ide.mcu.externaltools.gnu-tools-for-stm32.10.3-2021.10.win32_1.0.100.202210260954/tools/bin/../lib/gcc/arm-none-eabi/10.3.1/../../../../arm-none-eabi/lib/thumb/v7-m/nofp\libnosys.a
END GROUP
LOAD c:/st/stm32cubeide_1.11.0/stm32cubeide/plugins/com.st.stm32cube.ide.mcu.externaltools.gnu-tools-for-stm32.10.3-2021.10.win32_1.0.100.202210260954/tools/bin/../lib/gcc/arm-none-eabi/10.3.1/thumb/v7-m/nofp/crtend.o
LOAD c:/st/stm32cubeide_1.11.0/stm32cubeide/plugins/com.st.stm32cube.ide.mcu.externaltools.gnu-tools-for-stm32.10.3-2021.10.win32_1.0.100.202210260954/tools/bin/../lib/gcc/arm-none-eabi/10.3.1/thumb/v7-m/nofp/crtn.o
                0x0000000020002800                _estack = (ORIGIN (RAM) + LENGTH (RAM))
                0x0000000000000200                _Min_Heap_Size = 0x200
                0x0000000000000400                _Min_Stack_Size = 0x400

.isr_vector     0x0000000008000000      0x10c
                0x0000000008000000                . = ALIGN (0x4)
 *(.isr_vector)
 .isr_vector    0x0000000008000000      0x10c ./Startup/startup_stm32f103c6tx.o
                0x0000000008000000                g_pfnVectors
                0x000000000800010c                . = ALIGN (0x4)

.text           0x000000000800010c     0x28e0
                0x000000000800010c                . = ALIGN (0x4)
 *(.text)
 .text          0x000000000800010c       0x40 c:/st/stm32cubeide_1.11.0/stm32cubeide/plugins/com.st.stm32cube.ide.mcu.externaltools.gnu-tools-for-stm32.10.3-2021.10.win32_1.0.100.202210260954/tools/bin/../lib/gcc/arm-none-eabi/10.3.1/thumb/v7-m/nofp/crtbegin.o
 *(.text*)
 .text.HAL_Init
                0x000000000800014c       0x2c ./Drivers/STM32F1xx_HAL_Driver/Src/stm32f1xx_hal.o
                0x000000000800014c                HAL_Init
 .text.HAL_InitTick
                0x0000000008000178       0x60 ./Drivers/STM32F1xx_HAL_Driver/Src/stm32f1xx_hal.o
                0x0000000008000178                HAL_InitTick
 .text.HAL_IncTick
                0x00000000080001d8       0x24 ./Drivers/STM32F1xx_HAL_Driver/Src/stm32f1xx_hal.o
                0x00000000080001d8                HAL_IncTick
 .text.HAL_GetTick
                0x00000000080001fc       0x14 ./Drivers/STM32F1xx_HAL_Driver/Src/stm32f1xx_hal.o
                0x00000000080001fc                HAL_GetTick
 .text.HAL_Delay
                0x0000000008000210       0x48 ./Drivers/STM32F1xx_HAL_Driver/Src/stm32f1xx_hal.o
                0x0000000008000210                HAL_Delay
 .text.__NVIC_SetPriorityGrouping
                0x0000000008000258       0x48 ./Drivers/STM32F1xx_HAL_Driver/Src/stm32f1xx_hal_cortex.o
 .text.__NVIC_GetPriorityGrouping
                0x00000000080002a0       0x1c ./Drivers/STM32F1xx_HAL_Driver/Src/stm32f1xx_hal_cortex.o
 .text.__NVIC_SetPriority
                0x00000000080002bc       0x54 ./Drivers/STM32F1xx_HAL_Driver/Src/stm32f1xx_hal_cortex.o
 .text.NVIC_EncodePriority
                0x0000000008000310       0x64 ./Drivers/STM32F1xx_HAL_Driver/Src/stm32f1xx_hal_cortex.o
 .text.SysTick_Config
                0x0000000008000374       0x44 ./Drivers/STM32F1xx_HAL_Driver/Src/stm32f1xx_hal_cortex.o
 .text.HAL_NVIC_SetPriorityGrouping
                0x00000000080003b8       0x16 ./Drivers/STM32F1xx_HAL_Driver/Src/stm32f1xx_hal_cortex.o
                0x00000000080003b8                HAL_NVIC_SetPriorityGrouping
 .text.HAL_NVIC_SetPriority
                0x00000000080003ce       0x38 ./Drivers/STM32F1xx_HAL_Driver/Src/stm32f1xx_hal_cortex.o
                0x00000000080003ce                HAL_NVIC_SetPriority
 .text.HAL_SYSTICK_Config
                0x0000000008000406       0x18 ./Drivers/STM32F1xx_HAL_Driver/Src/stm32f1xx_hal_cortex.o
                0x0000000008000406                HAL_SYSTICK_Config
 *fill*         0x000000000800041e        0x2 
 .text.HAL_GPIO_Init
                0x0000000008000420      0x2f8 ./Drivers/STM32F1xx_HAL_Driver/Src/stm32f1xx_hal_gpio.o
                0x0000000008000420                HAL_GPIO_Init
 .text.HAL_GPIO_WritePin
                0x0000000008000718       0x30 ./Drivers/STM32F1xx_HAL_Driver/Src/stm32f1xx_hal_gpio.o
                0x0000000008000718                HAL_GPIO_WritePin
 .text.HAL_RCC_OscConfig
                0x0000000008000748      0x504 ./Drivers/STM32F1xx_HAL_Driver/Src/stm32f1xx_hal_rcc.o
                0x0000000008000748                HAL_RCC_OscConfig
 .text.HAL_RCC_ClockConfig
                0x0000000008000c4c      0x1d4 ./Drivers/STM32F1xx_HAL_Driver/Src/stm32f1xx_hal_rcc.o
                0x0000000008000c4c                HAL_RCC_ClockConfig
 .text.HAL_RCC_GetSysClockFreq
                0x0000000008000e20       0xbc ./Drivers/STM32F1xx_HAL_Driver/Src/stm32f1xx_hal_rcc.o
                0x0000000008000e20                HAL_RCC_GetSysClockFreq
 .text.RCC_Delay
                0x0000000008000edc       0x3c ./Drivers/STM32F1xx_HAL_Driver/Src/stm32f1xx_hal_rcc.o
 .text.HAL_SPI_Init
                0x0000000008000f18      0x108 ./Drivers/STM32F1xx_HAL_Driver/Src/stm32f1xx_hal_spi.o
                0x0000000008000f18                HAL_SPI_Init
 .text.HAL_SPI_Transmit
                0x0000000008001020      0x278 ./Drivers/STM32F1xx_HAL_Driver/Src/stm32f1xx_hal_spi.o
                0x0000000008001020                HAL_SPI_Transmit
 .text.SPI_WaitFlagStateUntilTimeout
                0x0000000008001298      0x110 ./Drivers/STM32F1xx_HAL_Driver/Src/stm32f1xx_hal_spi.o
 .text.SPI_EndRxTxTransaction
                0x00000000080013a8       0x3c ./Drivers/STM32F1xx_HAL_Driver/Src/stm32f1xx_hal_spi.o
 .text.ST7735_GPIO_Init
                0x00000000080013e4        0xc ./Src/ST7735.o
 .text.ST7735_Reset
                0x00000000080013f0       0x2c ./Src/ST7735.o
 .text.ST7735_WriteCommand
                0x000000000800141c       0x34 ./Src/ST7735.o
 .text.ST7735_WriteData
                0x0000000008001450       0x38 ./Src/ST7735.o
 .text.ST7735_ExecuteCommandList
                0x0000000008001488       0x92 ./Src/ST7735.o
 *fill*         0x000000000800151a        0x2 
 .text.ST7735_SetAddressWindow
                0x000000000800151c       0x90 ./Src/ST7735.o
 .text.ST7735_WriteChar
                0x00000000080015ac       0xee ./Src/ST7735.o
 *fill*         0x000000000800169a        0x2 
 .text.ST7735_Init
                0x000000000800169c       0x4c ./Src/ST7735.o
                0x000000000800169c                ST7735_Init
 .text.ST7735_DrawPixel
                0x00000000080016e8       0x90 ./Src/ST7735.o
                0x00000000080016e8                ST7735_DrawPixel
 .text.ST7735_DrawString
                0x0000000008001778       0xbc ./Src/ST7735.o
                0x0000000008001778                ST7735_DrawString
 .text.ST7735_FillRectangle
                0x0000000008001834      0x124 ./Src/ST7735.o
                0x0000000008001834                ST7735_FillRectangle
 .text.ST7735_FillScreen
                0x0000000008001958       0x38 ./Src/ST7735.o
                0x0000000008001958                ST7735_FillScreen
 .text.ST7735_Backlight_On
                0x0000000008001990       0x18 ./Src/ST7735.o
                0x0000000008001990                ST7735_Backlight_On
 .text.ST7735_DrawCircle
                0x00000000080019a8      0x1a4 ./Src/ST7735.o
                0x00000000080019a8                ST7735_DrawCircle
 .text.ST7735_FillTriangle
                0x0000000008001b4c      0x2ca ./Src/ST7735.o
                0x0000000008001b4c                ST7735_FillTriangle
 .text.ST7735_DrawLine
                0x0000000008001e16      0x13c ./Src/ST7735.o
                0x0000000008001e16                ST7735_DrawLine
 *fill*         0x0000000008001f52        0x2 
 .text.ST7735_DrawFastVLine
                0x0000000008001f54       0x94 ./Src/ST7735.o
                0x0000000008001f54                ST7735_DrawFastVLine
 .text.ST7735_DrawFastHLine
                0x0000000008001fe8       0x94 ./Src/ST7735.o
                0x0000000008001fe8                ST7735_DrawFastHLine
 .text.ST7735_SetRotation
                0x000000000800207c      0x158 ./Src/ST7735.o
                0x000000000800207c                ST7735_SetRotation
 .text.ST7735_GetHeight
                0x00000000080021d4       0x18 ./Src/ST7735.o
                0x00000000080021d4                ST7735_GetHeight
 .text.ST7735_GetWidth
                0x00000000080021ec       0x18 ./Src/ST7735.o
                0x00000000080021ec                ST7735_GetWidth
 .text.demoTFT  0x0000000008002204      0x418 ./Src/main.o
                0x0000000008002204                demoTFT
 .text.main     0x000000000800261c       0x22 ./Src/main.o
                0x000000000800261c                main
 .text.SystemClock_Config
                0x000000000800263e       0x8a ./Src/main.o
                0x000000000800263e                SystemClock_Config
 .text.MX_SPI1_Init
                0x00000000080026c8       0x6c ./Src/main.o
 .text.MX_GPIO_Init
                0x0000000008002734       0xb0 ./Src/main.o
 .text.Error_Handler
                0x00000000080027e4        0xc ./Src/main.o
                0x00000000080027e4                Error_Handler
 .text.HAL_MspInit
                0x00000000080027f0       0x64 ./Src/stm32f1xx_hal_msp.o
                0x00000000080027f0                HAL_MspInit
 .text.HAL_SPI_MspInit
                0x0000000008002854       0x7c ./Src/stm32f1xx_hal_msp.o
                0x0000000008002854                HAL_SPI_MspInit
 .text.NMI_Handler
                0x00000000080028d0        0xc ./Src/stm32f1xx_it.o
                0x00000000080028d0                NMI_Handler
 .text.HardFault_Handler
                0x00000000080028dc        0x6 ./Src/stm32f1xx_it.o
                0x00000000080028dc                HardFault_Handler
 .text.MemManage_Handler
                0x00000000080028e2        0x6 ./Src/stm32f1xx_it.o
                0x00000000080028e2                MemManage_Handler
 .text.BusFault_Handler
                0x00000000080028e8        0x6 ./Src/stm32f1xx_it.o
                0x00000000080028e8                BusFault_Handler
 .text.UsageFault_Handler
                0x00000000080028ee        0x6 ./Src/stm32f1xx_it.o
                0x00000000080028ee                UsageFault_Handler
 .text.SVC_Handler
                0x00000000080028f4        0xc ./Src/stm32f1xx_it.o
                0x00000000080028f4                SVC_Handler
 .text.DebugMon_Handler
                0x0000000008002900        0xc ./Src/stm32f1xx_it.o
                0x0000000008002900                DebugMon_Handler
 .text.PendSV_Handler
                0x000000000800290c        0xc ./Src/stm32f1xx_it.o
                0x000000000800290c                PendSV_Handler
 .text.SysTick_Handler
                0x0000000008002918        0xc ./Src/stm32f1xx_it.o
                0x0000000008002918                SysTick_Handler
 .text.SystemInit
                0x0000000008002924        0xc ./Src/system_stm32f1xx.o
                0x0000000008002924                SystemInit
 .text.Reset_Handler
                0x0000000008002930       0x48 ./Startup/startup_stm32f103c6tx.o
                0x0000000008002930                Reset_Handler
 .text.Default_Handler
                0x0000000008002978        0x2 ./Startup/startup_stm32f103c6tx.o
                0x0000000008002978                RTC_Alarm_IRQHandler
                0x0000000008002978                EXTI2_IRQHandler
                0x0000000008002978                TIM1_CC_IRQHandler
                0x0000000008002978                PVD_IRQHandler
                0x0000000008002978                EXTI3_IRQHandler
                0x0000000008002978                EXTI0_IRQHandler
                0x0000000008002978                ADC1_2_IRQHandler
                0x0000000008002978                SPI1_IRQHandler
                0x0000000008002978                TAMPER_IRQHandler
                0x0000000008002978                DMA1_Channel4_IRQHandler
                0x0000000008002978                RTC_IRQHandler
                0x0000000008002978                DMA1_Channel7_IRQHandler
                0x0000000008002978                CAN1_RX1_IRQHandler
                0x0000000008002978                I2C1_EV_IRQHandler
                0x0000000008002978                DMA1_Channel6_IRQHandler
                0x0000000008002978                TIM3_IRQHandler
                0x0000000008002978                RCC_IRQHandler
                0x0000000008002978                TIM1_TRG_COM_IRQHandler
                0x0000000008002978                DMA1_Channel1_IRQHandler
                0x0000000008002978                Default_Handler
                0x0000000008002978                EXTI15_10_IRQHandler
                0x0000000008002978                EXTI9_5_IRQHandler
                0x0000000008002978                DMA1_Channel5_IRQHandler
                0x0000000008002978                EXTI4_IRQHandler
                0x0000000008002978                USB_LP_CAN1_RX0_IRQHandler
                0x0000000008002978                USB_HP_CAN1_TX_IRQHandler
                0x0000000008002978                DMA1_Channel3_IRQHandler
                0x0000000008002978                TIM1_UP_IRQHandler
                0x0000000008002978                WWDG_IRQHandler
                0x0000000008002978                TIM2_IRQHandler
                0x0000000008002978                TIM1_BRK_IRQHandler
                0x0000000008002978                EXTI1_IRQHandler
                0x0000000008002978                USART2_IRQHandler
                0x0000000008002978                DMA1_Channel2_IRQHandler
                0x0000000008002978                CAN1_SCE_IRQHandler
                0x0000000008002978                FLASH_IRQHandler
                0x0000000008002978                USART1_IRQHandler
                0x0000000008002978                I2C1_ER_IRQHandler
                0x0000000008002978                USBWakeUp_IRQHandler
 *fill*         0x000000000800297a        0x2 
 .text.__libc_init_array
                0x000000000800297c       0x48 c:/st/stm32cubeide_1.11.0/stm32cubeide/plugins/com.st.stm32cube.ide.mcu.externaltools.gnu-tools-for-stm32.10.3-2021.10.win32_1.0.100.202210260954/tools/bin/../lib/gcc/arm-none-eabi/10.3.1/../../../../arm-none-eabi/lib/thumb/v7-m/nofp\libc_nano.a(lib_a-init.o)
                0x000000000800297c                __libc_init_array
 .text.memset   0x00000000080029c4       0x10 c:/st/stm32cubeide_1.11.0/stm32cubeide/plugins/com.st.stm32cube.ide.mcu.externaltools.gnu-tools-for-stm32.10.3-2021.10.win32_1.0.100.202210260954/tools/bin/../lib/gcc/arm-none-eabi/10.3.1/../../../../arm-none-eabi/lib/thumb/v7-m/nofp\libc_nano.a(lib_a-memset.o)
                0x00000000080029c4                memset
 *(.glue_7)
 .glue_7        0x00000000080029d4        0x0 linker stubs
 *(.glue_7t)
 .glue_7t       0x00000000080029d4        0x0 linker stubs
 *(.eh_frame)
 .eh_frame      0x00000000080029d4        0x0 c:/st/stm32cubeide_1.11.0/stm32cubeide/plugins/com.st.stm32cube.ide.mcu.externaltools.gnu-tools-for-stm32.10.3-2021.10.win32_1.0.100.202210260954/tools/bin/../lib/gcc/arm-none-eabi/10.3.1/thumb/v7-m/nofp/crtbegin.o
 *(.init)
 .init          0x00000000080029d4        0x4 c:/st/stm32cubeide_1.11.0/stm32cubeide/plugins/com.st.stm32cube.ide.mcu.externaltools.gnu-tools-for-stm32.10.3-2021.10.win32_1.0.100.202210260954/tools/bin/../lib/gcc/arm-none-eabi/10.3.1/thumb/v7-m/nofp/crti.o
                0x00000000080029d4                _init
 .init          0x00000000080029d8        0x8 c:/st/stm32cubeide_1.11.0/stm32cubeide/plugins/com.st.stm32cube.ide.mcu.externaltools.gnu-tools-for-stm32.10.3-2021.10.win32_1.0.100.202210260954/tools/bin/../lib/gcc/arm-none-eabi/10.3.1/thumb/v7-m/nofp/crtn.o
 *(.fini)
 .fini          0x00000000080029e0        0x4 c:/st/stm32cubeide_1.11.0/stm32cubeide/plugins/com.st.stm32cube.ide.mcu.externaltools.gnu-tools-for-stm32.10.3-2021.10.win32_1.0.100.202210260954/tools/bin/../lib/gcc/arm-none-eabi/10.3.1/thumb/v7-m/nofp/crti.o
                0x00000000080029e0                _fini
 .fini          0x00000000080029e4        0x8 c:/st/stm32cubeide_1.11.0/stm32cubeide/plugins/com.st.stm32cube.ide.mcu.externaltools.gnu-tools-for-stm32.10.3-2021.10.win32_1.0.100.202210260954/tools/bin/../lib/gcc/arm-none-eabi/10.3.1/thumb/v7-m/nofp/crtn.o
                0x00000000080029ec                . = ALIGN (0x4)
                0x00000000080029ec                _etext = .

.vfp11_veneer   0x00000000080029ec        0x0
 .vfp11_veneer  0x00000000080029ec        0x0 linker stubs

.v4_bx          0x00000000080029ec        0x0
 .v4_bx         0x00000000080029ec        0x0 linker stubs

.iplt           0x00000000080029ec        0x0
 .iplt          0x00000000080029ec        0x0 c:/st/stm32cubeide_1.11.0/stm32cubeide/plugins/com.st.stm32cube.ide.mcu.externaltools.gnu-tools-for-stm32.10.3-2021.10.win32_1.0.100.202210260954/tools/bin/../lib/gcc/arm-none-eabi/10.3.1/thumb/v7-m/nofp/crtbegin.o

.rodata         0x00000000080029ec     0x2930
                0x00000000080029ec                . = ALIGN (0x4)
 *(.rodata)
 .rodata        0x00000000080029ec       0x10 ./Drivers/STM32F1xx_HAL_Driver/Src/stm32f1xx_hal_rcc.o
 .rodata        0x00000000080029fc       0x82 ./Src/main.o
 *(.rodata*)
 *fill*         0x0000000008002a7e        0x2 
 .rodata.init_cmds1
                0x0000000008002a80       0x3b ./Src/ST7735.o
 *fill*         0x0000000008002abb        0x1 
 .rodata.init_cmds2
                0x0000000008002abc        0xd ./Src/ST7735.o
 *fill*         0x0000000008002ac9        0x3 
 .rodata.init_cmds3
                0x0000000008002acc       0x2b ./Src/ST7735.o
 *fill*         0x0000000008002af7        0x1 
 .rodata.Font7x10
                0x0000000008002af8      0x76c ./Src/fonts.o
 .rodata.Font11x18
                0x0000000008003264      0xd5c ./Src/fonts.o
 .rodata.Font16x26
                0x0000000008003fc0     0x134c ./Src/fonts.o
 .rodata.AHBPrescTable
                0x000000000800530c       0x10 ./Src/system_stm32f1xx.o
                0x000000000800530c                AHBPrescTable
                0x000000000800531c                . = ALIGN (0x4)

.rel.dyn        0x000000000800531c        0x0
 .rel.iplt      0x000000000800531c        0x0 c:/st/stm32cubeide_1.11.0/stm32cubeide/plugins/com.st.stm32cube.ide.mcu.externaltools.gnu-tools-for-stm32.10.3-2021.10.win32_1.0.100.202210260954/tools/bin/../lib/gcc/arm-none-eabi/10.3.1/thumb/v7-m/nofp/crtbegin.o

.ARM.extab      0x000000000800531c        0x0
                0x000000000800531c                . = ALIGN (0x4)
 *(.ARM.extab* .gnu.linkonce.armextab.*)
                0x000000000800531c                . = ALIGN (0x4)

.ARM            0x000000000800531c        0x0
                0x000000000800531c                . = ALIGN (0x4)
                0x000000000800531c                __exidx_start = .
 *(.ARM.exidx*)
                0x000000000800531c                __exidx_end = .
                0x000000000800531c                . = ALIGN (0x4)

.preinit_array  0x000000000800531c        0x0
                0x000000000800531c                . = ALIGN (0x4)
                0x000000000800531c                PROVIDE (__preinit_array_start = .)
 *(.preinit_array*)
                0x000000000800531c                PROVIDE (__preinit_array_end = .)
                0x000000000800531c                . = ALIGN (0x4)

.init_array     0x000000000800531c        0x4
                0x000000000800531c                . = ALIGN (0x4)
                0x000000000800531c                PROVIDE (__init_array_start = .)
 *(SORT_BY_NAME(.init_array.*))
 *(.init_array*)
 .init_array    0x000000000800531c        0x4 c:/st/stm32cubeide_1.11.0/stm32cubeide/plugins/com.st.stm32cube.ide.mcu.externaltools.gnu-tools-for-stm32.10.3-2021.10.win32_1.0.100.202210260954/tools/bin/../lib/gcc/arm-none-eabi/10.3.1/thumb/v7-m/nofp/crtbegin.o
                0x0000000008005320                PROVIDE (__init_array_end = .)
                0x0000000008005320                . = ALIGN (0x4)

.fini_array     0x0000000008005320        0x4
                0x0000000008005320                . = ALIGN (0x4)
                [!provide]                        PROVIDE (__fini_array_start = .)
 *(SORT_BY_NAME(.fini_array.*))
 *(.fini_array*)
 .fini_array    0x0000000008005320        0x4 c:/st/stm32cubeide_1.11.0/stm32cubeide/plugins/com.st.stm32cube.ide.mcu.externaltools.gnu-tools-for-stm32.10.3-2021.10.win32_1.0.100.202210260954/tools/bin/../lib/gcc/arm-none-eabi/10.3.1/thumb/v7-m/nofp/crtbegin.o
                [!provide]                        PROVIDE (__fini_array_end = .)
                0x0000000008005324                . = ALIGN (0x4)
                0x0000000008005324                _sidata = LOADADDR (.data)

.data           0x0000000020000000       0x30 load address 0x0000000008005324
                0x0000000020000000                . = ALIGN (0x4)
                0x0000000020000000                _sdata = .
 *(.data)
 *(.data*)
 .data.uwTickPrio
                0x0000000020000000        0x4 ./Drivers/STM32F1xx_HAL_Driver/Src/stm32f1xx_hal.o
                0x0000000020000000                uwTickPrio
 .data.uwTickFreq
                0x0000000020000004        0x1 ./Drivers/STM32F1xx_HAL_Driver/Src/stm32f1xx_hal.o
                0x0000000020000004                uwTickFreq
 *fill*         0x0000000020000005        0x3 
 .data._data_rotation
                0x0000000020000008        0x4 ./Src/ST7735.o
 .data._height  0x000000002000000c        0x2 ./Src/ST7735.o
 .data._width   0x000000002000000e        0x2 ./Src/ST7735.o
 .data._xstart  0x0000000020000010        0x1 ./Src/ST7735.o
 .data._ystart  0x0000000020000011        0x1 ./Src/ST7735.o
 *fill*         0x0000000020000012        0x2 
 .data.Font_7x10
                0x0000000020000014        0x8 ./Src/fonts.o
                0x0000000020000014                Font_7x10
 .data.Font_11x18
                0x000000002000001c        0x8 ./Src/fonts.o
                0x000000002000001c                Font_11x18
 .data.Font_16x26
                0x0000000020000024        0x8 ./Src/fonts.o
                0x0000000020000024                Font_16x26
 .data.SystemCoreClock
                0x000000002000002c        0x4 ./Src/system_stm32f1xx.o
                0x000000002000002c                SystemCoreClock
                0x0000000020000030                . = ALIGN (0x4)
                0x0000000020000030                _edata = .

.igot.plt       0x0000000020000030        0x0 load address 0x0000000008005354
 .igot.plt      0x0000000020000030        0x0 c:/st/stm32cubeide_1.11.0/stm32cubeide/plugins/com.st.stm32cube.ide.mcu.externaltools.gnu-tools-for-stm32.10.3-2021.10.win32_1.0.100.202210260954/tools/bin/../lib/gcc/arm-none-eabi/10.3.1/thumb/v7-m/nofp/crtbegin.o
                0x0000000020000030                . = ALIGN (0x4)

.bss            0x0000000020000030       0x80 load address 0x0000000008005354
                0x0000000020000030                _sbss = .
                0x0000000020000030                __bss_start__ = _sbss
 *(.bss)
 .bss           0x0000000020000030       0x1c c:/st/stm32cubeide_1.11.0/stm32cubeide/plugins/com.st.stm32cube.ide.mcu.externaltools.gnu-tools-for-stm32.10.3-2021.10.win32_1.0.100.202210260954/tools/bin/../lib/gcc/arm-none-eabi/10.3.1/thumb/v7-m/nofp/crtbegin.o
 *(.bss*)
 .bss.uwTick    0x000000002000004c        0x4 ./Drivers/STM32F1xx_HAL_Driver/Src/stm32f1xx_hal.o
                0x000000002000004c                uwTick
 .bss._value_rotation
                0x0000000020000050        0x1 ./Src/ST7735.o
 *fill*         0x0000000020000051        0x3 
 .bss.hspi1     0x0000000020000054       0x58 ./Src/main.o
                0x0000000020000054                hspi1
 .bss.r         0x00000000200000ac        0x1 ./Src/main.o
                0x00000000200000ac                r
 *(COMMON)
                0x00000000200000b0                . = ALIGN (0x4)
 *fill*         0x00000000200000ad        0x3 
                0x00000000200000b0                _ebss = .
                0x00000000200000b0                __bss_end__ = _ebss

._user_heap_stack
                0x00000000200000b0      0x600 load address 0x0000000008005354
                0x00000000200000b0                . = ALIGN (0x8)
                0x00000000200000b0                PROVIDE (end = .)
                [!provide]                        PROVIDE (_end = .)
                0x00000000200002b0                . = (. + _Min_Heap_Size)
 *fill*         0x00000000200000b0      0x200 
                0x00000000200006b0                . = (. + _Min_Stack_Size)
 *fill*         0x00000000200002b0      0x400 
                0x00000000200006b0                . = ALIGN (0x8)

/DISCARD/
 libc.a(*)
 libm.a(*)
 libgcc.a(*)

.ARM.attributes
                0x0000000000000000       0x29
 *(.ARM.attributes)
 .ARM.attributes
                0x0000000000000000       0x1d c:/st/stm32cubeide_1.11.0/stm32cubeide/plugins/com.st.stm32cube.ide.mcu.externaltools.gnu-tools-for-stm32.10.3-2021.10.win32_1.0.100.202210260954/tools/bin/../lib/gcc/arm-none-eabi/10.3.1/thumb/v7-m/nofp/crti.o
 .ARM.attributes
                0x000000000000001d       0x2d c:/st/stm32cubeide_1.11.0/stm32cubeide/plugins/com.st.stm32cube.ide.mcu.externaltools.gnu-tools-for-stm32.10.3-2021.10.win32_1.0.100.202210260954/tools/bin/../lib/gcc/arm-none-eabi/10.3.1/thumb/v7-m/nofp/crtbegin.o
 .ARM.attributes
                0x000000000000004a       0x2d ./Drivers/STM32F1xx_HAL_Driver/Src/stm32f1xx_hal.o
 .ARM.attributes
                0x0000000000000077       0x2d ./Drivers/STM32F1xx_HAL_Driver/Src/stm32f1xx_hal_cortex.o
 .ARM.attributes
                0x00000000000000a4       0x2d ./Drivers/STM32F1xx_HAL_Driver/Src/stm32f1xx_hal_gpio.o
 .ARM.attributes
                0x00000000000000d1       0x2d ./Drivers/STM32F1xx_HAL_Driver/Src/stm32f1xx_hal_rcc.o
 .ARM.attributes
                0x00000000000000fe       0x2d ./Drivers/STM32F1xx_HAL_Driver/Src/stm32f1xx_hal_spi.o
 .ARM.attributes
                0x000000000000012b       0x2d ./Src/ST7735.o
 .ARM.attributes
                0x0000000000000158       0x2d ./Src/fonts.o
 .ARM.attributes
                0x0000000000000185       0x2d ./Src/main.o
 .ARM.attributes
                0x00000000000001b2       0x2d ./Src/stm32f1xx_hal_msp.o
 .ARM.attributes
                0x00000000000001df       0x2d ./Src/stm32f1xx_it.o
 .ARM.attributes
                0x000000000000020c       0x2d ./Src/system_stm32f1xx.o
 .ARM.attributes
                0x0000000000000239       0x21 ./Startup/startup_stm32f103c6tx.o
 .ARM.attributes
                0x000000000000025a       0x2d c:/st/stm32cubeide_1.11.0/stm32cubeide/plugins/com.st.stm32cube.ide.mcu.externaltools.gnu-tools-for-stm32.10.3-2021.10.win32_1.0.100.202210260954/tools/bin/../lib/gcc/arm-none-eabi/10.3.1/../../../../arm-none-eabi/lib/thumb/v7-m/nofp\libc_nano.a(lib_a-init.o)
 .ARM.attributes
                0x0000000000000287       0x2d c:/st/stm32cubeide_1.11.0/stm32cubeide/plugins/com.st.stm32cube.ide.mcu.externaltools.gnu-tools-for-stm32.10.3-2021.10.win32_1.0.100.202210260954/tools/bin/../lib/gcc/arm-none-eabi/10.3.1/../../../../arm-none-eabi/lib/thumb/v7-m/nofp\libc_nano.a(lib_a-memset.o)
 .ARM.attributes
                0x00000000000002b4       0x1d c:/st/stm32cubeide_1.11.0/stm32cubeide/plugins/com.st.stm32cube.ide.mcu.externaltools.gnu-tools-for-stm32.10.3-2021.10.win32_1.0.100.202210260954/tools/bin/../lib/gcc/arm-none-eabi/10.3.1/thumb/v7-m/nofp/crtn.o
OUTPUT(ST7735R_Display.elf elf32-littlearm)
LOAD linker stubs
LOAD c:/st/stm32cubeide_1.11.0/stm32cubeide/plugins/com.st.stm32cube.ide.mcu.externaltools.gnu-tools-for-stm32.10.3-2021.10.win32_1.0.100.202210260954/tools/bin/../lib/gcc/arm-none-eabi/10.3.1/../../../../arm-none-eabi/lib/thumb/v7-m/nofp\libc.a
LOAD c:/st/stm32cubeide_1.11.0/stm32cubeide/plugins/com.st.stm32cube.ide.mcu.externaltools.gnu-tools-for-stm32.10.3-2021.10.win32_1.0.100.202210260954/tools/bin/../lib/gcc/arm-none-eabi/10.3.1/../../../../arm-none-eabi/lib/thumb/v7-m/nofp\libm.a
LOAD c:/st/stm32cubeide_1.11.0/stm32cubeide/plugins/com.st.stm32cube.ide.mcu.externaltools.gnu-tools-for-stm32.10.3-2021.10.win32_1.0.100.202210260954/tools/bin/../lib/gcc/arm-none-eabi/10.3.1/thumb/v7-m/nofp\libgcc.a

.debug_info     0x0000000000000000     0x68e2
 .debug_info    0x0000000000000000      0x716 ./Drivers/STM32F1xx_HAL_Driver/Src/stm32f1xx_hal.o
 .debug_info    0x0000000000000716      0xb02 ./Drivers/STM32F1xx_HAL_Driver/Src/stm32f1xx_hal_cortex.o
 .debug_info    0x0000000000001218      0x615 ./Drivers/STM32F1xx_HAL_Driver/Src/stm32f1xx_hal_gpio.o
 .debug_info    0x000000000000182d      0x860 ./Drivers/STM32F1xx_HAL_Driver/Src/stm32f1xx_hal_rcc.o
 .debug_info    0x000000000000208d     0x1658 ./Drivers/STM32F1xx_HAL_Driver/Src/stm32f1xx_hal_spi.o
 .debug_info    0x00000000000036e5     0x1782 ./Src/ST7735.o
 .debug_info    0x0000000000004e67      0x1ae ./Src/fonts.o
 .debug_info    0x0000000000005015      0xcc7 ./Src/main.o
 .debug_info    0x0000000000005cdc      0x885 ./Src/stm32f1xx_hal_msp.o
 .debug_info    0x0000000000006561      0x122 ./Src/stm32f1xx_it.o
 .debug_info    0x0000000000006683      0x23d ./Src/system_stm32f1xx.o
 .debug_info    0x00000000000068c0       0x22 ./Startup/startup_stm32f103c6tx.o

.debug_abbrev   0x0000000000000000     0x1563
 .debug_abbrev  0x0000000000000000      0x1fb ./Drivers/STM32F1xx_HAL_Driver/Src/stm32f1xx_hal.o
 .debug_abbrev  0x00000000000001fb      0x2ed ./Drivers/STM32F1xx_HAL_Driver/Src/stm32f1xx_hal_cortex.o
 .debug_abbrev  0x00000000000004e8      0x1bb ./Drivers/STM32F1xx_HAL_Driver/Src/stm32f1xx_hal_gpio.o
 .debug_abbrev  0x00000000000006a3      0x2a8 ./Drivers/STM32F1xx_HAL_Driver/Src/stm32f1xx_hal_rcc.o
 .debug_abbrev  0x000000000000094b      0x26e ./Drivers/STM32F1xx_HAL_Driver/Src/stm32f1xx_hal_spi.o
 .debug_abbrev  0x0000000000000bb9      0x2e3 ./Src/ST7735.o
 .debug_abbrev  0x0000000000000e9c       0xad ./Src/fonts.o
 .debug_abbrev  0x0000000000000f49      0x2c5 ./Src/main.o
 .debug_abbrev  0x000000000000120e      0x194 ./Src/stm32f1xx_hal_msp.o
 .debug_abbrev  0x00000000000013a2       0x74 ./Src/stm32f1xx_it.o
 .debug_abbrev  0x0000000000001416      0x13b ./Src/system_stm32f1xx.o
 .debug_abbrev  0x0000000000001551       0x12 ./Startup/startup_stm32f103c6tx.o

.debug_aranges  0x0000000000000000      0x708
 .debug_aranges
                0x0000000000000000       0xe0 ./Drivers/STM32F1xx_HAL_Driver/Src/stm32f1xx_hal.o
 .debug_aranges
                0x00000000000000e0      0x100 ./Drivers/STM32F1xx_HAL_Driver/Src/stm32f1xx_hal_cortex.o
 .debug_aranges
                0x00000000000001e0       0x58 ./Drivers/STM32F1xx_HAL_Driver/Src/stm32f1xx_hal_gpio.o
 .debug_aranges
                0x0000000000000238       0x90 ./Drivers/STM32F1xx_HAL_Driver/Src/stm32f1xx_hal_rcc.o
 .debug_aranges
                0x00000000000002c8      0x1d0 ./Drivers/STM32F1xx_HAL_Driver/Src/stm32f1xx_hal_spi.o
 .debug_aranges
                0x0000000000000498      0x130 ./Src/ST7735.o
 .debug_aranges
                0x00000000000005c8       0x18 ./Src/fonts.o
 .debug_aranges
                0x00000000000005e0       0x48 ./Src/main.o
 .debug_aranges
                0x0000000000000628       0x30 ./Src/stm32f1xx_hal_msp.o
 .debug_aranges
                0x0000000000000658       0x60 ./Src/stm32f1xx_it.o
 .debug_aranges
                0x00000000000006b8       0x28 ./Src/system_stm32f1xx.o
 .debug_aranges
                0x00000000000006e0       0x28 ./Startup/startup_stm32f103c6tx.o

.debug_ranges   0x0000000000000000      0x648
 .debug_ranges  0x0000000000000000       0xd0 ./Drivers/STM32F1xx_HAL_Driver/Src/stm32f1xx_hal.o
 .debug_ranges  0x00000000000000d0       0xf0 ./Drivers/STM32F1xx_HAL_Driver/Src/stm32f1xx_hal_cortex.o
 .debug_ranges  0x00000000000001c0       0x48 ./Drivers/STM32F1xx_HAL_Driver/Src/stm32f1xx_hal_gpio.o
 .debug_ranges  0x0000000000000208       0x80 ./Drivers/STM32F1xx_HAL_Driver/Src/stm32f1xx_hal_rcc.o
 .debug_ranges  0x0000000000000288      0x1c0 ./Drivers/STM32F1xx_HAL_Driver/Src/stm32f1xx_hal_spi.o
 .debug_ranges  0x0000000000000448      0x120 ./Src/ST7735.o
 .debug_ranges  0x0000000000000568       0x38 ./Src/main.o
 .debug_ranges  0x00000000000005a0       0x20 ./Src/stm32f1xx_hal_msp.o
 .debug_ranges  0x00000000000005c0       0x50 ./Src/stm32f1xx_it.o
 .debug_ranges  0x0000000000000610       0x18 ./Src/system_stm32f1xx.o
 .debug_ranges  0x0000000000000628       0x20 ./Startup/startup_stm32f103c6tx.o

.debug_macro    0x0000000000000000    0x1654e
 .debug_macro   0x0000000000000000      0x1b1 ./Drivers/STM32F1xx_HAL_Driver/Src/stm32f1xx_hal.o
 .debug_macro   0x00000000000001b1      0xa6c ./Drivers/STM32F1xx_HAL_Driver/Src/stm32f1xx_hal.o
 .debug_macro   0x0000000000000c1d      0x215 ./Drivers/STM32F1xx_HAL_Driver/Src/stm32f1xx_hal.o
 .debug_macro   0x0000000000000e32       0x2e ./Drivers/STM32F1xx_HAL_Driver/Src/stm32f1xx_hal.o
 .debug_macro   0x0000000000000e60       0x22 ./Drivers/STM32F1xx_HAL_Driver/Src/stm32f1xx_hal.o
 .debug_macro   0x0000000000000e82       0x22 ./Drivers/STM32F1xx_HAL_Driver/Src/stm32f1xx_hal.o
 .debug_macro   0x0000000000000ea4       0x8e ./Drivers/STM32F1xx_HAL_Driver/Src/stm32f1xx_hal.o
 .debug_macro   0x0000000000000f32       0x51 ./Drivers/STM32F1xx_HAL_Driver/Src/stm32f1xx_hal.o
 .debug_macro   0x0000000000000f83      0x103 ./Drivers/STM32F1xx_HAL_Driver/Src/stm32f1xx_hal.o
 .debug_macro   0x0000000000001086       0x6a ./Drivers/STM32F1xx_HAL_Driver/Src/stm32f1xx_hal.o
 .debug_macro   0x00000000000010f0      0x1df ./Drivers/STM32F1xx_HAL_Driver/Src/stm32f1xx_hal.o
 .debug_macro   0x00000000000012cf       0x1c ./Drivers/STM32F1xx_HAL_Driver/Src/stm32f1xx_hal.o
 .debug_macro   0x00000000000012eb       0x22 ./Drivers/STM32F1xx_HAL_Driver/Src/stm32f1xx_hal.o
 .debug_macro   0x000000000000130d       0xbd ./Drivers/STM32F1xx_HAL_Driver/Src/stm32f1xx_hal.o
 .debug_macro   0x00000000000013ca      0xd23 ./Drivers/STM32F1xx_HAL_Driver/Src/stm32f1xx_hal.o
 .debug_macro   0x00000000000020ed     0xde75 ./Drivers/STM32F1xx_HAL_Driver/Src/stm32f1xx_hal.o
 .debug_macro   0x000000000000ff62       0x6d ./Drivers/STM32F1xx_HAL_Driver/Src/stm32f1xx_hal.o
 .debug_macro   0x000000000000ffcf     0x3468 ./Drivers/STM32F1xx_HAL_Driver/Src/stm32f1xx_hal.o
 .debug_macro   0x0000000000013437      0x174 ./Drivers/STM32F1xx_HAL_Driver/Src/stm32f1xx_hal.o
 .debug_macro   0x00000000000135ab       0x5c ./Drivers/STM32F1xx_HAL_Driver/Src/stm32f1xx_hal.o
 .debug_macro   0x0000000000013607      0x5be ./Drivers/STM32F1xx_HAL_Driver/Src/stm32f1xx_hal.o
 .debug_macro   0x0000000000013bc5      0x1b7 ./Drivers/STM32F1xx_HAL_Driver/Src/stm32f1xx_hal.o
 .debug_macro   0x0000000000013d7c      0x1cb ./Drivers/STM32F1xx_HAL_Driver/Src/stm32f1xx_hal.o
 .debug_macro   0x0000000000013f47      0x114 ./Drivers/STM32F1xx_HAL_Driver/Src/stm32f1xx_hal.o
 .debug_macro   0x000000000001405b      0x1b2 ./Drivers/STM32F1xx_HAL_Driver/Src/stm32f1xx_hal.o
 .debug_macro   0x000000000001420d       0x27 ./Drivers/STM32F1xx_HAL_Driver/Src/stm32f1xx_hal.o
 .debug_macro   0x0000000000014234      0x12f ./Drivers/STM32F1xx_HAL_Driver/Src/stm32f1xx_hal.o
 .debug_macro   0x0000000000014363      0x1bc ./Drivers/STM32F1xx_HAL_Driver/Src/stm32f1xx_hal.o
 .debug_macro   0x000000000001451f       0x34 ./Drivers/STM32F1xx_HAL_Driver/Src/stm32f1xx_hal.o
 .debug_macro   0x0000000000014553       0x3c ./Drivers/STM32F1xx_HAL_Driver/Src/stm32f1xx_hal.o
 .debug_macro   0x000000000001458f       0x57 ./Drivers/STM32F1xx_HAL_Driver/Src/stm32f1xx_hal.o
 .debug_macro   0x00000000000145e6       0x88 ./Drivers/STM32F1xx_HAL_Driver/Src/stm32f1xx_hal.o
 .debug_macro   0x000000000001466e      0x183 ./Drivers/STM32F1xx_HAL_Driver/Src/stm32f1xx_hal.o
 .debug_macro   0x00000000000147f1      0x141 ./Drivers/STM32F1xx_HAL_Driver/Src/stm32f1xx_hal.o
 .debug_macro   0x0000000000014932      0x217 ./Drivers/STM32F1xx_HAL_Driver/Src/stm32f1xx_hal.o
 .debug_macro   0x0000000000014b49       0x69 ./Drivers/STM32F1xx_HAL_Driver/Src/stm32f1xx_hal.o
 .debug_macro   0x0000000000014bb2      0x18d ./Drivers/STM32F1xx_HAL_Driver/Src/stm32f1xx_hal_cortex.o
 .debug_macro   0x0000000000014d3f      0x1f8 ./Drivers/STM32F1xx_HAL_Driver/Src/stm32f1xx_hal_gpio.o
 .debug_macro   0x0000000000014f37      0x19f ./Drivers/STM32F1xx_HAL_Driver/Src/stm32f1xx_hal_rcc.o
 .debug_macro   0x00000000000150d6      0x195 ./Drivers/STM32F1xx_HAL_Driver/Src/stm32f1xx_hal_spi.o
 .debug_macro   0x000000000001526b      0x2d6 ./Src/ST7735.o
 .debug_macro   0x0000000000015541       0x40 ./Src/ST7735.o
 .debug_macro   0x0000000000015581       0x22 ./Src/ST7735.o
 .debug_macro   0x00000000000155a3      0x154 ./Src/ST7735.o
 .debug_macro   0x00000000000156f7       0x18 ./Src/ST7735.o
 .debug_macro   0x000000000001570f       0x52 ./Src/ST7735.o
 .debug_macro   0x0000000000015761       0x3c ./Src/ST7735.o
 .debug_macro   0x000000000001579d       0x34 ./Src/ST7735.o
 .debug_macro   0x00000000000157d1       0x16 ./Src/ST7735.o
 .debug_macro   0x00000000000157e7       0x35 ./Src/ST7735.o
 .debug_macro   0x000000000001581c       0x16 ./Src/ST7735.o
 .debug_macro   0x0000000000015832       0x43 ./Src/ST7735.o
 .debug_macro   0x0000000000015875       0x34 ./Src/ST7735.o
 .debug_macro   0x00000000000158a9       0x10 ./Src/ST7735.o
 .debug_macro   0x00000000000158b9       0x58 ./Src/ST7735.o
 .debug_macro   0x0000000000015911       0x71 ./Src/ST7735.o
 .debug_macro   0x0000000000015982       0x1c ./Src/ST7735.o
 .debug_macro   0x000000000001599e      0x12a ./Src/ST7735.o
 .debug_macro   0x0000000000015ac8      0x341 ./Src/ST7735.o
 .debug_macro   0x0000000000015e09       0x16 ./Src/ST7735.o
 .debug_macro   0x0000000000015e1f       0x29 ./Src/ST7735.o
 .debug_macro   0x0000000000015e48       0x6d ./Src/fonts.o
 .debug_macro   0x0000000000015eb5      0x1d4 ./Src/main.o
 .debug_macro   0x0000000000016089      0x197 ./Src/stm32f1xx_hal_msp.o
 .debug_macro   0x0000000000016220      0x1a1 ./Src/stm32f1xx_it.o
 .debug_macro   0x00000000000163c1      0x18d ./Src/system_stm32f1xx.o

.debug_line     0x0000000000000000     0x7ac3
 .debug_line    0x0000000000000000      0x8ee ./Drivers/STM32F1xx_HAL_Driver/Src/stm32f1xx_hal.o
 .debug_line    0x00000000000008ee      0xad6 ./Drivers/STM32F1xx_HAL_Driver/Src/stm32f1xx_hal_cortex.o
 .debug_line    0x00000000000013c4      0x970 ./Drivers/STM32F1xx_HAL_Driver/Src/stm32f1xx_hal_gpio.o
 .debug_line    0x0000000000001d34      0xcfc ./Drivers/STM32F1xx_HAL_Driver/Src/stm32f1xx_hal_rcc.o
 .debug_line    0x0000000000002a30     0x1b73 ./Drivers/STM32F1xx_HAL_Driver/Src/stm32f1xx_hal_spi.o
 .debug_line    0x00000000000045a3     0x1433 ./Src/ST7735.o
 .debug_line    0x00000000000059d6      0x37d ./Src/fonts.o
 .debug_line    0x0000000000005d53      0x8b0 ./Src/main.o
 .debug_line    0x0000000000006603      0x688 ./Src/stm32f1xx_hal_msp.o
 .debug_line    0x0000000000006c8b      0x6fa ./Src/stm32f1xx_it.o
 .debug_line    0x0000000000007385      0x6bc ./Src/system_stm32f1xx.o
 .debug_line    0x0000000000007a41       0x82 ./Startup/startup_stm32f103c6tx.o

.debug_str      0x0000000000000000    0x7eea9
 .debug_str     0x0000000000000000    0x79e63 ./Drivers/STM32F1xx_HAL_Driver/Src/stm32f1xx_hal.o
                                      0x7a2f0 (size before relaxing)
 .debug_str     0x0000000000079e63      0x2cf ./Drivers/STM32F1xx_HAL_Driver/Src/stm32f1xx_hal_cortex.o
                                      0x7a23c (size before relaxing)
 .debug_str     0x000000000007a132      0x3a9 ./Drivers/STM32F1xx_HAL_Driver/Src/stm32f1xx_hal_gpio.o
                                      0x79f7d (size before relaxing)
 .debug_str     0x000000000007a4db      0x37b ./Drivers/STM32F1xx_HAL_Driver/Src/stm32f1xx_hal_rcc.o
                                      0x7a026 (size before relaxing)
 .debug_str     0x000000000007a856      0x904 ./Drivers/STM32F1xx_HAL_Driver/Src/stm32f1xx_hal_spi.o
                                      0x7a523 (size before relaxing)
 .debug_str     0x000000000007b15a     0x3b3b ./Src/ST7735.o
                                      0x7daf2 (size before relaxing)
 .debug_str     0x000000000007ec95       0x4c ./Src/fonts.o
                                       0x3c2e (size before relaxing)
 .debug_str     0x000000000007ece1       0x77 ./Src/main.o
                                      0x7a8bd (size before relaxing)
 .debug_str     0x000000000007ed58       0x1b ./Src/stm32f1xx_hal_msp.o
                                      0x7a022 (size before relaxing)
 .debug_str     0x000000000007ed73       0xb8 ./Src/stm32f1xx_it.o
                                      0x79bdc (size before relaxing)
 .debug_str     0x000000000007ee2b       0x4d ./Src/system_stm32f1xx.o
                                      0x79bf2 (size before relaxing)
 .debug_str     0x000000000007ee78       0x31 ./Startup/startup_stm32f103c6tx.o
                                         0x6c (size before relaxing)

.comment        0x0000000000000000       0x50
 .comment       0x0000000000000000       0x50 ./Drivers/STM32F1xx_HAL_Driver/Src/stm32f1xx_hal.o
                                         0x51 (size before relaxing)
 .comment       0x0000000000000050       0x51 ./Drivers/STM32F1xx_HAL_Driver/Src/stm32f1xx_hal_cortex.o
 .comment       0x0000000000000050       0x51 ./Drivers/STM32F1xx_HAL_Driver/Src/stm32f1xx_hal_gpio.o
 .comment       0x0000000000000050       0x51 ./Drivers/STM32F1xx_HAL_Driver/Src/stm32f1xx_hal_rcc.o
 .comment       0x0000000000000050       0x51 ./Drivers/STM32F1xx_HAL_Driver/Src/stm32f1xx_hal_spi.o
 .comment       0x0000000000000050       0x51 ./Src/ST7735.o
 .comment       0x0000000000000050       0x51 ./Src/fonts.o
 .comment       0x0000000000000050       0x51 ./Src/main.o
 .comment       0x0000000000000050       0x51 ./Src/stm32f1xx_hal_msp.o
 .comment       0x0000000000000050       0x51 ./Src/stm32f1xx_it.o
 .comment       0x0000000000000050       0x51 ./Src/system_stm32f1xx.o

.debug_frame    0x0000000000000000     0x1b2c
 .debug_frame   0x0000000000000000      0x334 ./Drivers/STM32F1xx_HAL_Driver/Src/stm32f1xx_hal.o
 .debug_frame   0x0000000000000334      0x428 ./Drivers/STM32F1xx_HAL_Driver/Src/stm32f1xx_hal_cortex.o
 .debug_frame   0x000000000000075c      0x14c ./Drivers/STM32F1xx_HAL_Driver/Src/stm32f1xx_hal_gpio.o
 .debug_frame   0x00000000000008a8      0x21c ./Drivers/STM32F1xx_HAL_Driver/Src/stm32f1xx_hal_rcc.o
 .debug_frame   0x0000000000000ac4      0x824 ./Drivers/STM32F1xx_HAL_Driver/Src/stm32f1xx_hal_spi.o
 .debug_frame   0x00000000000012e8      0x538 ./Src/ST7735.o
 .debug_frame   0x0000000000001820       0xdc ./Src/main.o
 .debug_frame   0x00000000000018fc       0x80 ./Src/stm32f1xx_hal_msp.o
 .debug_frame   0x000000000000197c      0x10c ./Src/stm32f1xx_it.o
 .debug_frame   0x0000000000001a88       0x58 ./Src/system_stm32f1xx.o
 .debug_frame   0x0000000000001ae0       0x2c c:/st/stm32cubeide_1.11.0/stm32cubeide/plugins/com.st.stm32cube.ide.mcu.externaltools.gnu-tools-for-stm32.10.3-2021.10.win32_1.0.100.202210260954/tools/bin/../lib/gcc/arm-none-eabi/10.3.1/../../../../arm-none-eabi/lib/thumb/v7-m/nofp\libc_nano.a(lib_a-init.o)
 .debug_frame   0x0000000000001b0c       0x20 c:/st/stm32cubeide_1.11.0/stm32cubeide/plugins/com.st.stm32cube.ide.mcu.externaltools.gnu-tools-for-stm32.10.3-2021.10.win32_1.0.100.202210260954/tools/bin/../lib/gcc/arm-none-eabi/10.3.1/../../../../arm-none-eabi/lib/thumb/v7-m/nofp\libc_nano.a(lib_a-memset.o)
