../Src/ST7735.c:123:13:ST7735_GPIO_Init	4	static
../Src/ST7735.c:141:13:ST7735_Reset	8	static
../Src/ST7735.c:148:13:ST7735_WriteCommand	16	static
../Src/ST7735.c:159:13:ST7735_WriteData	16	static
../Src/ST7735.c:171:13:ST7735_ExecuteCommandList	24	static
../Src/ST7735.c:201:13:ST7735_SetAddressWindow	32	static
../Src/ST7735.c:218:13:ST7735_WriteChar	48	static
../Src/ST7735.c:243:6:ST7735_Init	8	static
../Src/ST7735.c:254:6:ST7735_DrawPixel	24	static
../Src/ST7735.c:268:6:ST7735_DrawString	32	static
../Src/ST7735.c:298:6:ST7735_FillRectangle	32	static
../Src/ST7735.c:325:6:ST7735_FillScreen	24	static
../Src/ST7735.c:330:6:ST7735_DrawImage	24	static
../Src/ST7735.c:342:6:ST7735_DrawTouchGFX	56	dynamic
../Src/ST7735.c:366:6:ST7735_InvertColors	16	static
../Src/ST7735.c:373:6:ST7735_Backlight_On	8	static
../Src/ST7735.c:378:6:ST7735_Backlight_Off	8	static
../Src/ST7735.c:387:6:ST7735_DrawCircle	32	static
../Src/ST7735.c:427:6:ST7735_DrawCircleHelper	32	static
../Src/ST7735.c:473:6:ST7735_FillCircle	32	static
../Src/ST7735.c:484:6:ST7735_FillCircleHelper	32	static
../Src/ST7735.c:521:6:ST7735_DrawEllipse	48	static
../Src/ST7735.c:565:6:ST7735_FillEllipse	48	static
../Src/ST7735.c:609:6:ST7735_DrawRect	24	static
../Src/ST7735.c:622:6:ST7735_DrawRoundRect	32	static
../Src/ST7735.c:641:6:ST7735_FillRoundRect	32	static
../Src/ST7735.c:656:6:ST7735_DrawTriangle	32	static
../Src/ST7735.c:668:6:ST7735_FillTriangle	64	static
../Src/ST7735.c:751:6:ST7735_DrawLine	48	static
../Src/ST7735.c:805:6:ST7735_DrawFastVLine	32	static
../Src/ST7735.c:818:6:ST7735_DrawFastHLine	32	static
../Src/ST7735.c:831:6:ST7735_SetRotation	24	static
../Src/ST7735.c:885:9:ST7735_GetRotation	4	static
../Src/ST7735.c:890:9:ST7735_GetHeight	4	static
../Src/ST7735.c:895:9:ST7735_GetWidth	4	static
