../Src/MAX7219.c:34:6:max7219_Init_16SEG	16	static
../Src/MAX7219.c:42:6:max7219_SetIntensivity	16	static
../Src/MAX7219.c:52:6:max7219_Clean	16	static
../Src/MAX7219.c:67:6:max7219_SendData	16	static
../Src/MAX7219.c:75:6:max7219_Turn_On	8	static
../Src/MAX7219.c:80:6:max7219_Turn_Off	8	static
../Src/MAX7219.c:85:6:max7219_Decode_On	8	static
../Src/MAX7219.c:91:6:max7219_Decode_Off	8	static
../Src/MAX7219.c:97:6:max7219_PrintDigit	16	static
../Src/MAX7219.c:128:16:max7219_PrintItos	24	static
../Src/MAX7219.c:175:16:max7219_PrintNtos	24	static
../Src/MAX7219.c:200:16:max7219_PrintFtos	24	static
../Src/MAX7219.c:234:17:getSymbol	16	static
../Src/MAX7219.c:239:17:lcdPow10	24	static
