../Src/LiquidCrystal.c:36:6:LiquidCrystal	64	static
../Src/LiquidCrystal.c:45:6:init	24	static
../Src/LiquidCrystal.c:71:6:begin	32	static
../Src/LiquidCrystal.c:165:6:enableClock	32	static
../Src/LiquidCrystal.c:181:6:setRowOffsets	24	static
../Src/LiquidCrystal.c:190:6:clear	8	static
../Src/LiquidCrystal.c:196:6:home	8	static
../Src/LiquidCrystal.c:202:6:setCursor	24	static
../Src/LiquidCrystal.c:216:6:noDisplay	8	static
../Src/LiquidCrystal.c:220:6:display	8	static
../Src/LiquidCrystal.c:226:6:noCursor	8	static
../Src/LiquidCrystal.c:230:6:cursor	8	static
../Src/LiquidCrystal.c:236:6:noBlink	8	static
../Src/LiquidCrystal.c:240:6:blink	8	static
../Src/LiquidCrystal.c:246:6:scrollDisplayLeft	8	static
../Src/LiquidCrystal.c:249:6:scrollDisplayRight	8	static
../Src/LiquidCrystal.c:254:6:leftToRight	8	static
../Src/LiquidCrystal.c:260:6:rightToLeft	8	static
../Src/LiquidCrystal.c:266:6:autoscroll	8	static
../Src/LiquidCrystal.c:272:6:noAutoscroll	8	static
../Src/LiquidCrystal.c:278:8:print	32	static
../Src/LiquidCrystal.c:294:6:createChar	24	static
../Src/LiquidCrystal.c:304:13:command	16	static
../Src/LiquidCrystal.c:308:15:write	16	static
../Src/LiquidCrystal.c:316:6:send	16	static
../Src/LiquidCrystal.c:332:6:pulseEnable	8	static
../Src/LiquidCrystal.c:341:6:write4bits	24	static
../Src/LiquidCrystal.c:349:6:write8bits	24	static
